// Jest Snapshot v1, https://goo.gl/fbAQLP

exports[`MoviesContainer should match the snapshot with all data passed in 1`] = `
<div
  className="scroll-wrapper"
>
  <div
    className="movies-container"
  >
    <img
      alt="left arrow"
      className="left-arrow arrow"
      src="right-arrow.png"
    />
    <Card
      favorited={true}
      movie={
        Object {
          "id": 4,
          "release_date": "2019-10-18",
          "title": "Joker",
        }
      }
      poster="https://image.tmdb.org/t/p/w342undefined"
      title="Joker"
      toggleFavorites={[MockFunction]}
    />
    <Card
      favorited={true}
      movie={
        Object {
          "id": 56,
          "release_date": "2019-10-04",
          "title": "Maleficent: Mistress of Evil",
        }
      }
      poster="https://image.tmdb.org/t/p/w342undefined"
      title="Maleficent: Mistress of Evil"
      toggleFavorites={[MockFunction]}
    />
    <Card
      favorited={true}
      movie={
        Object {
          "id": 70,
          "release_date": "2019-10-18",
          "title": "Zombieland: Double Tap",
        }
      }
      poster="https://image.tmdb.org/t/p/w342undefined"
      title="Zombieland: Double Tap"
      toggleFavorites={[MockFunction]}
    />
    <img
      alt="right arrow"
      className="right-arrow arrow"
      src="left-arrow.png"
    />
  </div>
</div>
`;
