// Jest Snapshot v1, https://goo.gl/fbAQLP

exports[`NewUserForm should match the snapshot with all data passed in 1`] = `
<div
  className="new-user-container"
>
  <section
    className="create-account"
  >
    <form>
      <input
        className="new-user-input"
        name="newName"
        onChange={[Function]}
        placeholder="insert your name"
        type="text"
        value=""
      />
      <input
        className="new-user-input"
        name="newEmail"
        onChange={[Function]}
        placeholder="insert your e-mail"
        type="email"
        value=""
      />
      <input
        className="new-user-input"
        name="newPassword"
        onChange={[Function]}
        placeholder="insert your password"
        type="password"
        value=""
      />
      <a
        className="a-create-button"
      >
        <button
          className="create-user-button"
          onClick={[Function]}
        >
          SUBMIT
        </button>
      </a>
    </form>
  </section>
</div>
`;
